[    0.000000] Linux version 4.15.0-64-generic (buildd@lgw01-amd64-038) (gcc version 7.4.0 (Ubuntu 7.4.0-1ubuntu1~18.04.1)) #73-Ubuntu SMP Thu Sep 12 13:16:13 UTC 2019 (Ubuntu 4.15.0-64.73-generic 4.15.18)
[    0.000000] Command line: BOOT_IMAGE=/boot/vmlinuz-4.15.0-64-generic root=UUID=a5eb06e2-8eb1-4232-8570-2cc927993946 ro console=tty1 console=ttyS0
[    0.000000] KERNEL supported cpus:
[    0.000000]   Intel GenuineInel
[    0.000000]   AMD AuthenticAMD
[    0.000000]   Centaur CentaurHauls
[    0.000000] x86/fpu: Supporting XSAVE feature 0x001: 'x87 floating point registers'
[    0.000000] x86/fpu: Supporting XSAVE feature 0x002: 'SSE registers'
[    0.000000] x86/fpu: Supporting XSAVE feature 0x004: 'AVX registers'
[    0.000000] x86/fpu: xstate_offset[2]:  576, xstate_sizes[2]:  256
[    0.000000] x86/fpu: Enabled xstate features 0x7, context size is 832 bytes, using 'standard' format.
[    0.000000] e820: BIOS-provided physical RAM map:
[    0.000000] BIOS-e820: [mem 0x0000000000000000-0x000000000009fbff] usable
[    0.000000] BIOS-e820: [mem 0x000000000009fc00-0x000000000009ffff] reserved
[    0.000000] BIOS-e820: [mem 0x00000000000f0000-0x00000000000fffff] reserved
[    0.000000] BIOS-e820: [mem 0x0000000000100000-0x000000003ffeffff] usable
[    0.000000] BIOS-e820: [mem 0x000000003fff0000-0x000000003fffffff] ACPI data
[    0.000000] BIOS-e820: [mem 0x00000000fec00000-0x00000000fec00fff] reserved
[    0.000000] BIOS-e820: [mem 0x00000000fee00000-0x00000000fee00fff] reserved
[    0.000000] BIOS-e820: [mem 0x00000000fffc0000-0x00000000ffffffff] reserved
[    0.000000] NX (Execute Disable) protection: active
[    0.000000] SMBIOS 2.5 present.
[    0.000000] DMI: innotek GmbH VirtualBox/VirtualBox, BIOS VirtualBox 12/01/2006
[    0.000000] Hypervisor detected: KVM
[   0.000000] e820: last_pfn = 0x3fff0 max_arch_pfn = 0x400000000
[    0.000000] MTRR: Disabled
[    0.000000] x86/PAT: MTRRs disabled, skipping PAT initialization too.
[    0.000000] CPU MTRRs all blank - virtualized system.
[    0.000000] x86/PAT: Configuration [0-7]: WB  WT  UC- UC  WB  WT  UC- UC  
[    0.000000] found SMP MP-table at [mem 0x0009fff0-0x0009ffff]
[    0.000000] Scanning 1 areas for low memory corruption
[    0.000000] RAMDISK: [mem 0x35981000-0x36cb7fff]
[    0.000000] ACPI: Early table checksum verification disabled
[    0.000000] ACPI: RSDP 0x00000000000E0000 000024 (v02 VBOX  )
[    0.000000] ACPI: XSDT 0x000000003FFF0030 00003C (v01 VBOX   VBOXXSDT 00000001 ASL  00000061)
[    0.000000] ACPI: FACP 0x000000003FFF00F0 0000F4 (v04 VBOX   VBOXFACP 00000001 ASL  00000061)
[    0.000000] ACPI: DSDT 0x000000003FFF0470 0021FF (v02 VBOX   VBOXBIOS 00000002 INTL 20100528)
[    0.000000] ACPI: FACS 0x000000003FFF0200 000040
[    0.000000] ACPI: FACS 0x000000003FFF0200 000040
[    0.000000] ACPI: APIC 0x000000003FFF0240 00005C (v02 VBOX   VBOXAPIC 00000001 ASL  00000061)
[    0.000000] ACPI: SSDT 0x000000003FFF02A0 0001CC (v01 VBOX   VBOXCPUT 00000002 INTL 20100528)
[    0.000000] No NUMA configuration found
[    0.000000] Faking a node at [mem 0x0000000000000000-0x000000003ffeffff]
[    0.000000] NODE_DATA(0) allocated [mem 0x3ffc5000-0x3ffeffff]
[    0.000000] kvm-clock: cpu 0, msr 0:3ff44001, primary cpu clock
[    0.000000] kvm-clock: Using msrs 4b564d01 and 4b564d00
[    0.000000] kvm-clock: using sched offset of 4802830358 cycles
[    0.000000] clocksource: kvm-clock: mask: 0xffffffffffffffff max_cycles: 0x1cd42e4dffb, max_idle_ns: 881590591483 ns
[    0.000000] Zone ranges:
[    0.000000]   DMA      [mem 0x0000000000001000-0x0000000000ffffff]
[    0.000000]   DMA32    [mem 0x0000000001000000-0x000000003ffeffff]
[    0.000000]   Normal   empty
[    0.000000]   Device   empty
[    0.000000] Movable zone start for each node
[    0.000000] Early memory node ranges
[    0.000000]   node   0: [mem 0x0000000000001000-0x000000000009efff]
[    0.000000]   node   0: [mem 0x0000000000100000-0x000000003ffeffff]
[    0.000000] Reserved but unavailable: 98 pages
[    0.000000] Initmem setup node 0 [mem 0x0000000000001000-0x000000003ffeffff]
[    0.000000] ACPI: PM-Timer IO Port: 0x4008
[    0.000000] IOAPIC[0]: api_id 2,verssion 32address 0xfec00000, GSI 0-23
[    0.000000] ACPI: INT_SRC_OVR (bus 0 bus_irq 0 global_irq 2 dfl ddfl)
[    0.000000] ACPI: INT_SRC_OVR (bus 0 bus_irq 9 global_irq 9 low level)
[    0.000000] Using ACPI (MADT) for SMP configuration information
[    0.000000] smpboot: Allowing 2 CPUs, 0 hotplug CPUs
[    0.000000] PM: Registered nosave memory: [mem 0x00000000-0x00000fff]
[    0.000000] PM: Registered nosave memory: [mem 0x0009f000-0x0009ffff]
[    0.000000] PM: Registered nosave memory: [mem 0x000a0000-0x000effff]
[    0.000000] PM: Registered nosave memory: [mem 0x000f0000-0x000fffff]
[    0.000000] e820: [mem 0x40000000-0xfebfffff] available for PCI devices
[    0.000000] Booting paravirtualized kernel on KVM
[    0.000000] clocksource: refined-jiffies: mask: 0xffffffff max_cycles: 0xffffffff, max_idle_ns: 7645519600211568 ns
[    0.000000] random: get_random_bytes called from start_kernel+0x99/0x4fd with crng_init=0
[    0.000000 setup_percpu: NR_CPUS:8192 nr_cpumask_bits:2 nr_cpu_ids:2 nr_node_ids:1
[    0.000000] percpu: Embedded 46 pages/cpu s151552 r8192 d28672 u1048576
[    0.000000] PV qspinlock hash table entries: 256 (order: 0, 4096 bytes)
[    0.000000] Built 1 zonelists, mobility grouping on.  Total pages: 257913
[    0.000000] Policy zone: DMA32
[    0.000000] Kernel command line: BOOT_IMAGE=/boot/vmlinuz-4.15.0-64-generic root=UUID=a5eb06e2-8eb1-4232-8570-2cc927993946 ro console=tty1 console=ttyS0
[    0.000000] Memory: 982908K/1048120K available (12300K kernel code, 2481K rwdata, 4172K rodata, 2436K init, 2384K bss, 65212K reserved, 0K cma-reserved)
    0.000000] SLUB: HWalign=64, Order=0-3, MinObjects=0, CPUs=2, Nodes=1
[    0.000000] Kernel/User page tables isolation: enabled
[    0.000000] ftrace: allocating 39306 entries in 154 pages
[    0.004000] Hierarchical RCU implementation.
[    0.004000] 	RCU restricting CPUs from NR_CPUS=8192 to nr_cpu_ids=2.
[    0.004000] 	Tasks RCU enabled.
[    0.004000] RCU: Adjusting geometry for rcu_fanout_leaf=16, nr_cpu_ids=2
[    0.004000] NR_IRQS: 524544, nr_irqs: 440, preallocated irqs: 16
[    0.004000] Console: colour VGA+ 80x25
[    0.004000] console [tty1] enabled
[    0.004000] console [ttyS0] enabled
[    0.004000] ACPI: Core revision 20170831
[    0.004000] ACPI: 2 ACPI AML tables successfully acquired and loaded
[    0.004000] APIC:  Switch to symmetric I/O mode setup
[    0.004000] x2apic enabled
[    0.004000] Switched APIC routing to physical x2apic.
[    0.004895] ..TIMER: vector=0x30 apic1=0 pin1=2 apic2=-1 pin2=-1
[    0.008002] tsc: Detected 2304.000 MHz processor
[    0.012012] Calibrating delay loop (skipped) preset value.. 4608.00 BogoMIPS (lpj=9216000)
[    0.014454] pid_max: default: 32768 minimum: 301
[    0.016040] Security Framework initialized
[    0.017287] Yama: becoming mindful.
[    0.018359] AppArmor: AppArmor initialized
[    0.020049] Dentry cache hash table entries: 131072 (order: 8, 1048576 bytes)
[    0.022402] Inode-cache hash table entries: 65536 (order: 7, 524288 bytes)
[    0.024030] Mount-cache hash table entries: 2048 (order: 2, 16384 bytes)
[    0.028007] Mountpoint-cache hash table entries: 2048 (order: 2, 16384 bytes)
[    0.032295] Last level iTLB entries: 4KB 64, 2MB 8, 4MB 8
[    0.033979] Last level dTLB entries: 4KB 64, 2MB 0, 4MB 0, 1GB 4
[    0.036008] Spectre V1 : Mitigation: usercopy/swapgs barriers and __user pointer sanitization
[    0.040008] Spectre V2 : Mitigation: Full generic retpoline
[    0.041681] Spectre V2 : Spectre v2 / SpectreRSB mitigation: Filling RSB on context switch
[    0.044003] Speculative Store Bypass: Vulnerable
[    0.045439] MDS: Vulnerable: Clear CPU buffers attempted, no microcode
[    0.048156] Freeing SMP alternatives memory: 36K
[    0.056000] smpboot: CPU0: Intel(R) Core(TM) i5-7360U CPU @ 2.30GHz (family: 0x6, model: 0x8e, stepping: 0x9)
[    0.056000] Performance Events: unsupported p6 CPU model 142 no PMU driver, software events only.
[    0.056037] Hierarchical SRCU implementation.
[    0.057642] NMI watchdog: Perf event create on CPU 0 failed with -2
[    0.060002] NMI watchdog: Perf NMI watchdog permanently disabled
[    0.061850] smp: Bringing up secondary CPUs ...
[    0.063030] x86: Booting SMP configuration:
[    0.064004] .... node  #0, CPUs:      #1
[    0.004000] kvm-clock: cpu 1, msr 0:3ff44041, secondary cpu clock
[    0.079417] smp: Brought up 1 node, 2 CPUs
[    0.080006] smpboot: Max logical packages: 1
[    0.081342] smpboot: Total of 2 processors activated (9216.00 BogoMIPS)
[    0.084137] devtmpfs: initialized
[    0.085078] x86/mm: Memory block size: 128MB
[    0.086481] evm: security.selinux
[    0.088004] evm: security.SMACK64
[    0.092007] evm: security.SMACK64EXEC
[    0.096006] evm: security.SMACK64TRANSMUTE
[    0.097521] evm: security.SMACK64MMAP
[    0.098967] evm: security.apparmor
[    0.100013] evm: security.ima
[    0.101204] evm: security.capability
[    0.104122] clocksource: jiffies: mask: 0xffffffff max_cycles: 0xffffffff, max_idle_ns: 7645041785100000 ns
[    0.108052] futex hash table entries: 512 (order: 3, 32768 bytes)
[    0.111767] pinctrl core: initialized pinctrl subsystem
[    0.112134] RTC time:  3:35:02, date: 09/30/19
[    0.113748] NET: Registered protocol family 16
[    0.116082] audit: initializing netlink subsys (disabled)
[    0.117903] audit: type=2000 audit(1569814508.337:1): state=initialized audit_enabled=0 res=1
[    0.120020] cpuidle: using governor ladder
[    0.124021] cpuidle: using governor menu
[    0.125421] ACPI: bus type PCI registered
[    0.126889] acpiphp: ACPI Hot Plug PCI Controller Driver version: 0.5
[    0.128129] PCI: Using configuration type 1 for base access
[    0.132016] HugeTLB registered 2.00 MiB page size, pre-allocated 0 pages
[    0.133663] ACPI: Added _OSI(Module Device)
[    0.133663] ACPI: Added _OSI(Processor Device)
[    0.136004] ACPI: Added _OSI(3.0 _SCP Extensions)
[    0.137235] ACPI: Added _OSI(Processor Aggregator Device)
[    0.138652] ACPI: Added _OSI(Linux-Dell-Video)
[    0.140012] ACPI: Added _OSI(Linux-Lenovo-NV-HDMI-Audio)
[    0.141258] ACPI: Added _OSI(Linux-HPI-Hybrid-Graphics)
[    0.143260] ACPI: Executed 1 blocks of module-level executable AML code
[    0.144971] ACPI: Interpreter enabled
[    0.160025] ACPI: (supports S0 S5)
[    0.164004] ACPI: Using IOAPIC for interrupt routing
[    0.166209] PCI: Using host bridge windows from ACPI; if necessary, use "pci=nocrs" and report a bug
[    0.168353] ACPI: Enabled 2 GPEs in block 00 to 07
[    0.183127] ACPI: PCI Root Bridge [PCI0] (domain 0000 [bus 00-ff])
[    0.188013] acpi PNP0A03:00: _OSC: OS supports [ASPM ClockPM Segments MSI]
[    0.192075] acpi PNP0A03:00: _OSC: not requesting OS control; OS requires [ExtendedConfig ASPM ClockPM MSI]
[    0.196054] acpi PNP0A03:00: fail to add MMCONFIG information, can't access extended PCI configuration space under this bridge.
[    0.204512] PCI host bridge to bus 0000:00
[    0.206257] pci_bus 0000:00: root bus resource [io  0x0000-0x0cf7 window]
[    0.208009] pci_bus 0000:00: root bus resource [io  0x0d00-0xffff window]
[    0.212008] pci_bus 0000:00: root bus resource [mem 0x000a0000-0x000bffff window]
[    0.216011] pci_bus 0000:00: root bus resource [mem 0x40000000-0xfdffffff window]
[    0.220008] pci_bus 0000:00: root bus resource [bus 00-ff]
[    0.226033] pci 0000:00:01.1: legacy IDE quirk: reg 0x10: [io  0x01f0-0x01f7]
[    0.228011] pci 0000:00:01.1: legacy IDE quirk: reg 0x14: [io  0x03f6]
[    0.229592] pci 0000:00:01.1: legacy IDE quirk: reg 0x18: [io  0x0170-0x0177]
[    0.284009] pci 0000:00:01.1: legacy IDE quirk: reg 0x1c: [io  0x0376]
[    0.334701] pci 0000:00:07.0: quirk: [io  0x4000-0x403f] claimed by PIIX4 ACPI
[    0.336039] pci 0000:00:07.0: quirk: [io  0x4100-0x410f] claimed by PIIX4 SMB
[    0.352035] ACPI: PCI Interrupt Link [LNKA] (IRQs 5 9 10 *11)
[    0.353884] ACPI: PCI Interrupt Link [LNKB] (IRQs 5 9 *10 11)
[    0.356131] ACPI: PCI Interrupt Link [LNKC] (IRQs 5 *9 10 11)
[    0.357648] ACPI: PCI Interrupt Link [LNKD] (IRQs 5 9 10 *11)
[    0.360004] SCSI subsystem initialized
[    0.364105] pci 0000:00:02.0: vgaarb: setting as boot VGA device
[    0.368000] pci 0000:00:02.0: vgaarb: VGA device added: decodes=io+mem,owns=io+mem,locks=none
[    0.376009] pci 0000:00:02.0: vgaarb: bridge control possible
[    0.377712] vgaarb: loaded
[    0.380043] ACPI: bus type USB registered
[    0.381488] usbcore: registered new interface driver usbfs
[    0.384033] usbcore: registered new interface driver hub
[    0.385307] usbcore: registered new device driver usb
[    0.388046] EDAC MC: Ver: 3.0.0
[    0.389232] PCI: Using ACPI for IRQ routing
[    0.392017] NetLabel: Initializing
[    0.392017] NetLabel:  domain hash size = 128
[    0.392017] NetLabel:  protocols = UNLABELED CIPSOv4 CALIPSO
[    0.396024] NetLabel:  unlabeled traffic allowed by default
[    0.397738] clocksource: Switched to clocksource kvm-clock
[    0.410334] VFS: Disk quotas dquot_6.6.0
[    0.411680] VFS: Dquot-cache hash table entries: 512 (order 0, 4096 bytes)
[    0.415643] AppArmor: AppArmor Filesystem Enabled
[    0.417181] pnp: PnP ACPI init
[    0.419377] pnp: PnP ACPI: found 3 devices
[    0.429791] clocksource: acpi_pm: mask: 0xffffff max_cycles: 0xffffff, max_idle_ns: 2085701024 ns
[    0.432081] NET: Registered protocol family 2
[    0.444210] TCP established hash table entries: 8192 (order: 4, 65536 bytes)
[    0.465852] TCP bind hash table entries: 8192 (order: 5, 131072 bytes)
[    0.478982] TCP: Hash tables configured (established 8192 bind 8192)
[    0.480991] UDP hash table entries: 512 (order: 2, 16384 bytes)
[    0.486209] UDP-Lite hash table entries: 512 (order: 2, 16384 bytes)
[    0.500844] NET: Registered protocol family 1
[    0.502311] pci 0000:00:00.0: Limiting direct PCI/PCI transfers
[    0.503902] pci 0000:00:01.0: Activating ISA DMA hang workarounds
[    0.505461] pci 0000:00:02.0: Video device with shadowed ROM at [mem 0x000c0000-0x000dffff]
[    0.515775] Unpacking initramfs...
[    0.794730] Freeing initrd memory: 19676K
[    0.813164] clocksource: tsc: mask: 0xffffffffffffffff max_cycles: 0x2135f7c97c8, max_idle_ns: 440795273205 ns
[    0.853896] platform rtc_cmos: registered platform RTC device (no PNP device found)
[    0.856181] Scanning for low memory corruption every 60 seconds
[    0.885009] Initialise system trusted keyrings
[    0.886408] Key type blacklist registered
[    0.887591] workingset: timestamp_bits=36 max_order=18 bucket_order=0
[    0.889894] zbud: loaded
[    0.891223] squashfs: version 4.0 (2009/01/31) Phillip Lougher
[    0.893278] fuse init (API version 7.26)
[    0.907748] Key type asymmetric registered
[    0.909420] Asymmetric key parser 'x509' registered
[    0.910672] Block layer SCSI generic (bsg) driver version 0.4 loaded (major 246)
[    0.912618] io scheduler noop registered
[    0.913583] io scheduler deadline registered
[    0.923862] io scheduler cfq registered (default)
[    0.929306] ACPI: AC Adapter [AC] (on-line)
[    0.930417] input: Power Button as /devices/LNXSYSTM:00/LNXPWRBN:00/input/input0
[    0.940077] ACPI: Power Button [PWRF]
[    0.944668] input: Sleep Button as /devices/LNXSYSTM:00/LNXSLPBN:00/input/input1
[    0.962401] ACPI: Sleep Button [SLPF]
[    0.963998] Serial: 8250/16550 driver, 32 ports, IRQ sharing enabled
[    0.965927] ACPI: Battery Slot [BAT0] (battery present)
[    1.003649] 00:02: ttyS0 at I/O 0x3f8 (irq = 4, base_baud = 115200) is a 16550A
[    1.054531] Linux agpgart interface v0.103
[    1.059443] loop: module loaded
[    1.067360] scsi host0: ata_piix
[    1.068500] scsi host1: ata_piix
[    1.071140] ata1: PATA max UDMA/33 cmd 0x1f0 ctl 0x3f6 bmdma 0xd000 irq 14
[    1.087369] ata2: PATA max UDMA/33 cmd 0x170 ctl 0x376 bmdma 0xd008 irq 15
[    1.1022] bpy: Fixed MDIO Bus: probed
[    1.69167] tun: Universal TUN/TAP device drver, 1.6

[    1.337877] PPP generic driver version 2.4.2
[    1.345131] ehci_hcd: USB 2.0 'Enhanced' Host Controller (EHCI) Driver
[    1.347132] ehci-pci: EHCI PCI platform driver
[    1.348766] ehci-platform: EHCI generic platform driver
[    1.350394] ohci_hcd: USB 1.1 'Open' Host Controller (OHCI) Driver
[    1.358977] ohci-pci: OHCI PCI platform driver
[    1.360470] ohci-platform: OHCI generic platform driver
[    1.367692] uhci_hcd: USB Universal Host Controller Interface driver
[    1.369661] i8042: PNP: PS/2 Controller [PNP0303:PS2K,PNP0f03:PS2M] at 0x60,0x64 irq 1,12
[    1.372892] serio: i8042 KBD port at 0x60,0x64 irq 1
[    1.374596] serio: i8042 AUX port at 0x60,0x64 irq 12
[    1.376624] mousedev: PS/2 mouse device common for all mice
[    1.385975] rtc_cmos rtc_cmos: rtc core: registered rtc_cmos as rtc0
[    1.393754] input: AT Translated Set 2 keyboard as /devices/platform/i8042/serio0/input/input2
[    1.396163] rtc_cmos rtc_cmos: alarms up to one day, 114 bytes nvram
[    1.404673] i2c /dev entries driver
[    1.405954] device-mapper: uevent: version 1.0.3
[    1.413358] device-mapper: ioctl: 4.37.0-ioctl (2017-09-20) initialised: dm-devel@redhat.com
[    1.415998] ledtrig-cpu: registered to indicate activity on CPUs
[    1.418734] NET: Registered protocol family 10
[    1.424693] Segment Routing with IPv6
[    1.425962] NET: Registered protocol family 17
[    1.427481] Key type dns_resolver registered
[    1.429099] mce: Using 0 MCE banks
[    1.430133] RAS: Correctable Errors collector initialized.
[    1.431737] sched_clock: Marking stable (1429076978, 0)->(2082578427, -653501449)
[    1.445816] registered taskstats version 1
[    1.447027] Loading compiled-in X.509 certificates
[    1.450474] Loaded X.509 cert 'Build time autogenerated kernel key: 9ff85db0b1f72c0c954e4d2eaca5a9366845820b'
[    1.453708] zswap: loaded using pool lzo/zbud
[    1.465136] Key type big_key registered
[    1.476094] Key type trusted registered
[    1.478582] Key type encrypted registered
[    1.479565] AppArmor: AppArmor sha1 policy hashing enabled
[    1.480912] ima: No TPM chip found, activating TPM-bypass! (rc=-19)
[    1.482345] ima: Allocated hash algorithm: sha1
[    1.483444] evm: HMAC attrs: 0x1
[    1.495617]   Magic number: 3:618:564
[    1.512005] rtc_cmos rtc_cmos: setting system clock to 2019-09-30 03:35:03 UTC (1569814503)
[    1.624694] BIOS EDD facility v0.16 2004-Jun-25, 0 devices found
[    1.701081] EDD information not available.
[    1.740585] Freeing unused kernel image memory: 2436K
[    1.780578] Write protecting the kernel read-only data: 20480k
[    1.785816] Freeing unused kernel image memory: 2008K
[    1.837315] Freeing unused kernel image memory: 1972K
[    1.847640] x86/mm: Checked W+X mappings: passed, no W+X pages found.
[    1.903729] x86/mm: Checking user space page tables
[    1.937572] x86/mm: Checked W+X mappings: passed, no W+X pages found.
Loading, please wait...
starting version 237
[    2.059096] e1000: Intel(R) PRO/1000 Network Driver - version 7.3.21-k8-NAPI
[    2.067023] e1000: Copyright (c) 1999-2006 Intel Corporation.
[    2.076915] Fusion MPT base driver 3.04.20
[    2.093444] Copyright (c) 1999-2008 LSI Corporation
[    2.107862] Fusion MPT SPI Host driver 3.04.20
[    2.122448] AVX2 version of gcm_enc/dec engaged.
[    2.123910] AES CTR mode by8 optimization enabled
[    2.305140] input: ImExPS/2 Generic Explorer Mouse as /devices/platform/i8042/serio1/input/input4
[    2.686296] e1000 0000:00:03.0 eth0: (PCI:33MHz:32-bit) 02:26:45:5c:bc:af
[    2.688780] e1000 0000:00:03.0 eth0: Intel(R) PRO/1000 Network Connection
[    2.692319] mptbase: ioc0: Initiating bringup
[    2.789397] ioc0: LSI53C1030 A0: Capabilities={Initiator}
[    3.091605] scsi host2: ioc0: LSI53C1030 A0, FwRev=00000000h, Ports=1, MaxQ=256, IRQ=20
[    3.273978] scsi 2:0:0:0: Direct-Access     VBOX     HARDDISK         1.0  PQ: 0 ANSI: 5
[    3.673425] scsi target2:0:0: Beginning Domain Validation
[    3.699182] scsi target2:0:0: Domain Validation skipping write tests
[    3.701241] scsi target2:0:0: Ending Domain Validation
[    3.702886] scsi target2:0:0: asynchronous
[    3.704570] scsi 2:0:1:0: Direct-Access     VBOX     HARDDISK         1.0  PQ: 0 ANSI: 5
[    3.705408] e1000 0000:00:08.0 eth1: (PCI:33MHz:32-bit) 08:00:27:6b:6f:82
[    3.781048] e1000 0000:00:08.0 eth1: Intel(R) PRO/1000 Network Connection
[    3.889310] e1000 0000:00:03.0 enp0s3: renamed from eth0
[    3.916260] scsi target2:0:1: Beginning Domain Validation
[    3.929653] random: fast init done
[    3.931126] scsi target2:0:1: Domain Validation skipping write tests
[    3.932220] random: systemd-udevd: uninitialized urandom read (16 bytes read)
[    3.933023] scsi target2:0:1: Ending Domain Validation
[    3.935035] random: systemd-udevd: uninitialized urandom read (16 bytes read)
[    3.936240] random: systemd-udevd: uninitialized urandom read (16 bytes read)
[    3.941672] e1000 0000:00:08.0 enp0s8: renamed from eth1
[    3.943399] scsi target2:0:1: asynchronous
[    3.949842] sd 2:0:0:0: Attached scsi generic sg0 type 0
[    3.951486] sd 2:0:0:0: [sda] 20971520 512-byte logical blocks: (10.7 GB/10.0 GiB)
[    3.955085] sd 2:0:1:0: Attached scsi generic sg1 type 0
[    3.956820] sd 2:0:0:0: [sda] Write Protect is off
[    3.958324] sd 2:0:0:0: [sda] Incomplete mode parameter data
[    3.959648] sd 2:0:0:0: [sda] Assuming drive cache: write through
[    3.961606] sd 2:0:1:0: [sdb] 20480 512-byte logical blocks: (10.5 MB/10.0 MiB)
[    3.980449] sd 2:0:1:0: [sdb] Write Protect is off
[    3.999467] sd 2:0:1:0: [sdb] Incomplete mode parameter data
[    4.030631] sd 2:0:1:0: [sdb] Assuming drive cache: write through
[    4.071146]  sda: sda1
[    4.073186] sd 2:0:1:0: [sdb] Attached SCSI disk
[    4.086385] sd 2:0:0:0: [sda] Attached SCSI disk
Begin: Loading essential drivers ... [    5.497082] raid6: sse2x1   gen() 12648 MB/s
[    5.608447] raid6: sse2x1   xor()  9035 MB/s
[    5.664031] raid6: sse2x2   gen() 14761 MB/s
[    5.772073] raid6: sse2x2   xor()  6921 MB/s
[    5.820025] raid6: sse2x4   gen() 11106 MB/s
[    5.942970] raid6: sse2x4   xor() 10929 MB/s
[    6.080215] raid6: avx2x1   gen() 24990 MB/s
[    6.192489] raid6: avx2x1   xor() 17161 MB/s
[    6.284166] raid6: avx2x2   gen() 28429 MB/s
[    6.413496] raid6: avx2x2   xor() 21119 MB/s
[    6.520020] raid6: avx2x4   gen() 31716 MB/s
[    6.568025] raid6: avx2x4   xor() 19819 MB/s
[    6.613418] raid6: using algorithm avx2x4 gen() 31716 MB/s
[    6.616925] raid6: .... xor() 19819 MB/s, rmw enabled
[    6.656366] raid6: using avx2x2 recovery algorithm
[    6.659295] xor: automatically using best checksumming function   avx       
[    6.678997] async_tx: api initialized (async)
done.
Begin: Running /scripts/init-premount ... done.
Begin: Mounting root file system ... Begin: Running /scripts/local-top ... done.
Begin: Running /scripts/local-premount ... [    6.731390] Btrfs loaded, crc32c=crc32c-intel
Scanning for Btrfs filesystems
done.
Warning: fsck not present, so skipping root file system
[    6.807202] EXT4-fs (sda1): mounted filesystem with ordered data mode. Opts: (null)
done.
Begin: Running /scripts/local-bottom ... done.
Begin: Running /scripts/init-bottom ... done.
[    7.758745] ip_tables: (C) 2000-2006 Netfilter Core Team
[    7.898355] systemd[1]: systemd 237 running in system mode. (+PAM +AUDIT +SELINUX +IMA +APPARMOR +SMACK +SYSVINIT +UTMP +LIBCRYPTSETUP +GCRYPT +GNUTLS +ACL +XZ +LZ4 +SECCOMP +BLKID +ELFUTILS +KMOD -IDN2 +IDN -PCRE2 default-hierarchy=hybrid)
[    7.936867] systemd[1]: Detected virtualization oracle.
[    7.938188] systemd[1]: Detected architecture x86-64.

Welcome to [1mUbuntu 18.04.2 LTS[0m!

[    7.960849] systemd[1]: Set hostname to <ubuntu-bionic>.
[    8.477944] random: crng init done
[    8.485248] random: 7 urandom warning(s) missed due to ratelimiting
[    8.793170] systemd[1]: Started Forward Password Requests to Wall Directory Watch.
[[0;32m  OK  [0m] Started Forward Password Requests to Wall Directory Watch.
[    8.807962] systemd[1]: Created slice System Slice.
[[0;32m  OK  [0m] Created slice System Slice.
[    8.812130] systemd[1]: Created slice system-postgresql.slice.
[[0;32m  OK  [0m] Created slice system-postgresql.slice.
[    9.736358] systemd[1]: Listening on Journal Socket.
[[0;32m  OK  [0m] Listening on Journal Socket.
[   10.769117] systemd[1]: Reached target User and Group Name Lookups.
[[0;32m  OK  [0m] Reached target User and Group Name Lookups.
[   11.569378] systemd[1]: Listening on Syslog Socket.
[[0;32m  OK  [0m] Listening on Syslog Socket.
[[0;32m  OK  [0m] Listening on Journal Socket (/dev/log).
         Starting Load Kernel Modules...
         Startin[   11.812339] Loading iSCSI transport class v2.0-870.
g Uncomplicated firewall...
[[0;32m  OK  [[   11.859783] iscsi: registered transport (tcp)
0m] Listening on LVM2 metadata daemon socket.
         Mounting Kernel Debug File System...
[[0;32m  OK  [0m] Listening on udev Kernel Socket.
[[0;32m  OK  [[   11.954559] iscsi: registered transport (iser)
0m] Created slice User and Session Slice.
[[0;32m  OK  [0m] Listening on LVM2 poll daemon socket.
[[0;32m  OK  [0m] Listening on Device-mapper event daemon FIFOs.
         Starting Monitoring of LVM2 mirrorsâ€¦ng dmeventd or progress polling...
[[0;32m  OK  [0m] Created slice system-serial\x2dgetty.slice.
[[0;32m  OK  [0m] Reached target Swap.
         Mounting POSIX Message Queue File System...
[[0;32m  OK  [0m] Listening on /dev/initctl Compatibility Named Pipe.
[[0;32m  OK  [0m] Set up automount Arbitrary Executabâ€¦rmats File System Automount Point.
[[0;32m  OK  [0m] Listening on udev Control Socket.
         Mounting Huge Pages File System...
         Starting udev Coldplug all Devices...
[[0;32m  OK  [0m] Reached target System Time Synchronized.
         Starting Set the console keyboard layout...
         Starting Create list of required stâ€¦ce nodes for the current kernel...
[[0;32m  OK  [0m] Listening on Journal Audit Socket.
         Starting Journal Service...
[[0;32m  OK  [0m] Listening on Network Service Netlink Socket.
         Starting Remount Root and Kernel File Systems...
[[0;32m  OK  [0m] Reached target Slices.
[[0;32m  OK  [0m] Started Load Kernel Modules.
[[0;32m  OK  [0m] Started Uncomplicated firewall.
[[0;32m  OK  [0m] Mounted Kern[   12.439984] EXT4-fs (sda1): re-mounted. Opts: (null)
el Debug File System.
[[0;32m  OK  [0m] Mounted POSIX Message Queue File System.
[[0;32m  OK  [0m] Started Journal Service.
[[0;32m  OK  [0m] Mounted Huge Pages File System.
[[0;32m  OK  [0m] Started Set the console keyboard layout.
[[0;32m  OK  [0m] Started Create list of required staâ€¦vice nodes for the current kernel.
[[0;32m  OK  [0m] Started Remount Root and Kernel File Systems.
[[0;32m  OK  [0m] Started udev Coldplug all Devices.
[[0;32m  OK  [0m] Started LVM2 metadata daemon.
         Starting Load/Save Random Seed...
         Starting Create Static Device Nodes in /dev...
         Starting Flush Journal to Persistent Storage...
         Starting Apply Kernel Variables...
         Mounting FUSE Control File System...
         Mounting Kernel Configuration File System...
[[0;32m  OK  [0m] Started Monitoring of LVM2 mirrors,â€¦sing dmeventd or progress polling.
[[0;32m  OK  [0m] Started Load/Save Random Seed.
[[0;32m  OK  [0m] Started Create Static Device Nodes in /dev.
[[0;32m  OK  [0m] Started Apply Kernel Variables.
[[0;32m  OK  [0m] Mounted FUSE Control File System.
[[0;32m  OK  [0m] Mounted Kernel Configuration File System.
         Starting udev Kernel Device Manager...
[[0;32m  OK  [0m] Reached target Local File Systems (Pre).
[[0;32m  OK  [0m] Reached target Local File Systems.
         Starting AppArmor initialization...
         Starting Tell Plymouth To Write Out Runtime Data...
         Starting ebtables ruleset management...
         Starting Set console font and keymap...
[[0;32m  OK  [0m] Started udev Kernel Device Manager.
[[0;32m  OK  [0m] Started Dispatch Password Requests to Console Directory Watch.
[[0;32m  OK  [0m] Reached target Local Encrypted Volumes.
[[0;32m  OK  [0m] Started Tell Plymouth To Write Out Runtime Data.
[[0;32m  OK  [0m] Started Set console font and keymap.
[[0;32m  OK  [0m] Found device /dev/ttyS0.
[[0;32m  OK  [0m] Started ebtables ruleset management.
[[0;32m  OK  [0m] Listening on Load/Save RF Kill Switch Status /dev/rfkill Watch.
[[0;32m  OK  [0m] Started AppArmor initialization.
[[0;32m  OK  [0m] Started Flush Journal to Persistent Storage.
         Starting Create Volatile Files and Directories...
[[0;32m  OK  [0m] Started Create Volatile Files and Directories.
         Starting Update UTMP about System Boot/Shutdown...
         Starting Initial cloud-init job (pre-networking)...
[[0;32m  OK  [0m] Started Update UTMP about System Boot/Shutdown.
[   16.363861] cloud-init[644]: Cloud-init v. 19.1-1-gbaa47854-0ubuntu1~18.04.1 running 'init-local' at Mon, 30 Sep 2019 03:35:18 +0000. Up 16.13 seconds.
[[0;32m  OK  [0m] Started Initial cloud-init job (pre-networking).
[[0;32m  OK  [0m] Reached target Network (Pre).
         Starting Network Service...
[[0;32m  OK  [0m] Started Network Service.
         Starting Wait for Network to be Configured...
         Starting Network Name Resolution...
[[0;32m  OK  [0m] Started Network Name Resolution.
[[0;32m  OK  [0m] Reached target Network.
[[0;32m  OK  [0m] Reached target Host and Network Name Lookups.
[[0;32m  OK  [0m] Started Wait for Network to be Configured.
         Starting Initial cloud-init job (metadata service crawler)...
[   18.917596] cloud-init[748]: Cloud-init v. 19.1-1-gbaa47854-0ubuntu1~18.04.1 running 'init' at Mon, 30 Sep 2019 03:35:20 +0000. Up 18.80 seconds.
[   18.936704] cloud-init[748]: ci-info: ++++++++++++++++++++++++++++++++++++++Net device info+++++++++++++++++++++++++++++++++++++++
[   18.964752] cloud-init[748]: ci-info: +--------+------+-----------------------------+---------------+--------+-------------------+
[   18.988212] cloud-init[748]: ci-info: | Device |  Up  |           Address           |      Mask     | Scope  |     Hw-Address    |
[   18.999105] cloud-init[748]: ci-info: +--------+------+-----------------------------+---------------+--------+-------------------+
[   19.001532] cloud-init[748]: ci-info: | enp0s3 | True |          10.0.2.15          | 255.255.255.0 | global | 02:26:45:5c:bc:af |
[   19.064941] cloud-init[748]: ci-info: | enp0s3 | True |  fe80::26:45ff:fe5c:bcaf/64 |       .       |  link  | 02:26:45:5c:bc:af |
[   19.093031] cloud-init[748]: ci-info: | enp0s8 | True |        192.168.33.10        | 255.255.255.0 | global | 08:00:27:6b:6f:82 |
[   19.114370] cloud-init[748]: ci-info: | enp0s8 | True | fe80::a00:27ff:fe6b:6f82/64 |       .       |  link  | 08:00:27:6b:6f:82 |
[   19.118044] cloud-init[748]: ci-info: |   lo   | True |          127.0.0.1          |   255.0.0.0   |  host  |         .         |
[   19.134189] cloud-init[748]: ci-info: |   lo   | True |           ::1/128           |       .       |  host  |         .         |
[   19.144689] cloud-init[748]: ci-info: +--------+------+-----------------------------+---------------+--------+-------------------+
[   19.151125] cloud-init[748]: ci-info: +++++++++++++++++++++++++++++Route IPv4 info+++++++++++++++++++++++++++++
[   19.165469] cloud-init[748]: ci-info: +-------+--------------+----------+-----------------+-----------+-------+
[   19.184321] cloud-init[748]: ci-info: | Route | Destination  | Gateway  |     Genmask     | Interface | Flags |
[   19.196518] cloud-init[748]: ci-info: +-------+--------------+----------+-----------------+-----------+-------+
[   19.199528] cloud-init[748]: ci-info: |   0   |   0.0.0.0    | 10.0.2.2 |     0.0.0.0     |   enp0s3  |   UG  |
[   19.207582] cloud-init[748]: ci-info: |   1   |   10.0.2.0   | 0.0.0.0  |  255.255.255.0  |   enp0s3  |   U   |
[   19.232782] cloud-init[748]: ci-info: |   2   |   10.0.2.2   | 0.0.0.0  | 255.255.255.255 |   enp0s3  |   UH  |
[   19.235304] cloud-init[748]: ci-info: |   3   | 192.168.33.0 | 0.0.0.0  |  255.255.255.0  |   enp0s8  |   U   |
[[0;32m  OK  [0m] Started Initial cloud-init job (metadata service crawler).
[   19.276630] [[0;32m  OK  [0m] Reached target Network is Online.
cloud-init[748]: [[0;32m  OK  [0m] Reached target Remote File Systems (Pre).
[[0;32m  OK  [0m] Reached target Remote File Systems.
         Starting Availability of block devices...
[[0;32m  OK  [0m] Reached target System Initialization.
         Starting Socket activation for snappy daemon.
ci-info: +-------+--------------+----------+-----------------+-----------+-------+
         Starting LXD - unix socket.
[   19.287151] [[0;32m  OK  [0m] Started Message of the Day.
[[0;32m  OK  [0m] Started Daily apt download activities.
[[0;32m  OK  [0m] Started Daily apt upgrade and clean activities.
[[0;32m  OK  [0m] Listening on UUID daemon activation socket.
[[0;32m  OK  [0m] Listening on D-Bus System Message Bus Socket.
[[0;32m  OK  [0m] Started Daily Cleanup of Temporary Directories.
[[0;32m  OK  [0m] Started Discard unused blocks once a week.
[[0;32m  OK  [0m] Reached target Timers.
[[0;32m  OK  [0m] Listening on Open-iSCSI iscsid Socket.
[[0;32m  OK  [0m] Listening on ACPID Listen Socket.
[[0;32m  OK  [0m] Started ACPI Events Check.
[[0;32m  OK  [0m] Reached target Paths.
[[0;32m  OK  [0m] Reached target Cloud-config availability.
[[0;32m  OK  [0m] Started Availability of block devices.
[[0;32m  OK  [0m] Listening on Socket activation for snappy daemon.
[[0;32m  OK  [0m] Listening on LXD - unix socket.
[[0;32m  OK  [0m] Reached target Sockets.
[[0;32m  OK  [0m] Reached target Basic System.
         Starting LSB: automatic crash report generation...
cloud-init[748]: ci-info: +++++++++++++++++++Route IPv6 info+++++++++++++++++++
         Starting Discard unused blocks...
[   19.578559] cloud-init[748]: ci-info: +-------+-------------+---------+-----------+-------+
         Starting Dispatcher daemon for systemd-networkd...
[   19.624056] cloud-init[748]: ci-info: | Route | Destination | Gateway | Interface | Flags |
         Starting LSB: Record successful boot for GRUB...
[   19.635743] cloud-init[748]: [[0;32m  OK  [0m] Started Regular background program processing daemon.
         Starting LXD - container startup/shutdown...
[[0;32m  OK  [0m] Started irqbalance daemon.
ci-info: +-------+-------------+---------+-----------+-------+[[0;32m  OK  [0m] Started FUSE filesystem for LXC.

[   19.645659] cloud-init[748]: ci-info: |   1   |  fe80::/64  |    ::   |   enp0s8  |   U   |[[0;32m  OK  [0m] Started Deferred execution scheduler.

[   19.649797] cloud-init[748]: ci-info: |   2   |  fe80::/64  |    ::   |   enp0s3  |   U   |[[0;32m  OK  [0m] Started D-Bus System Message Bus.

[   19.660793] cloud-init[748]: ci-info: |   4   |    local    |    ::   |   enp0s3  |   U   |
[   19.667056] cloud-init[748]: ci-info: |   5   |    local    |    ::   |   enp0s8  |   U   |
[   19.670119] cloud-init[748]: ci-info: |   6   |   ff00::/8  |    ::   |   enp0s8  |   U   |
[   19.692883] cloud-init[748]: ci-info: |   7   |   ff00::/8  |    ::   |   enp0s3  |   U   |
[   19.720867] cloud-init[748]: ci-info: +-------+-------------+---------+-----------+-------+
         Starting System Logging Service...
         Starting Accounts Service...
         Starting Login Service...
         Starting PostgreSQL Cluster 10-main...
         Starting Permit User Sessions...
         Starting vboxadd.service...
         Starting Resets System Activity Data Collector...
         Starting OpenBSD Secure Shell server...
         Starting Snappy daemon...
[[0;32m  OK  [0m] Started System Logging Service.
[[0;32m  OK  [0m] Started Discard unused blocks.
[[0;32m  OK  [0m] Started Permit User Sessions.
[[0;32m  OK  [0m] Started Resets System Activity Data Collector.
[[0;32m  OK  [0m] Started Login Service.
[[0;32m  OK  [0m] Started Unattended Upgrades Shutdown.
         Starting Hold until boot process finishes up...
         Starting Terminate Plymouth Boot Screen...
[[0;32m  OK  [0m] Started Hold until boot process finishes up.
         Starting Set console scheme...
[[0;32m  OK  [0m] Started Serial Getty on ttyS0.
[[0;32m  OK  [0m] Started Terminate Plymouth Boot Screen.
[[0;32m  OK  [0m] Started Set console scheme.
[[0;32m  OK  [0m] Created slice system-getty.slice.
[[0;32m  OK  [0m] Started Getty on tty1.
[[0;32m  OK  [0m] Reached target Login Prompts.
         Starting Authorization Manager...
[[0;32m  OK  [0m] Started LSB: automatic crash report generation.
[[0;32m  OK  [0m] Started Authorization Manager.
[[0;32m  OK  [0m] Started Accounts Service.
[[0;32m  OK  [0m] Started LSB: Record successful boot for GRUB.
[[0;32m  OK  [0m] Started OpenBSD Secure Shell server.
[[0;32m  OK  [0m] Started Dispatcher daemon for systemd-networkd.
[[0;32m  OK  [0m] Started vboxadd.service.
         Starting vboxadd-service.service...
[[0;32m  OK  [0m] Started vboxadd-service.service.
[[0;32m  OK  [0m] Started LXD - container startup/shutdown.
[[0;32m  OK  [0m] Started Snappy daemon.
         Starting Wait until snapd is fully seeded...
[[0;32m  OK  [0m] Started Wait until snapd is fully seeded.
         Starting Apply the settings specified in cloud-config...
[   23.918205] cloud-init[1315]: Cloud-init v. 19.1-1-gbaa47854-0ubuntu1~18.04.1 running 'modules:config' at Mon, 30 Sep 2019 03:35:25 +0000. Up 23.82 seconds.
[[0;32m  OK  [0m] Started Apply the settings specified in cloud-config.

Ubuntu 18.04.2 LTS ubuntu-bionic ttyS0

ubuntu-bionic login: [   26.623747] cloud-init[1444]: Cloud-init v. 19.1-1-gbaa47854-0ubuntu1~18.04.1 running 'modules:final' at Mon, 30 Sep 2019 03:35:28 +0000. Up 26.42 seconds.
[   26.624430] cloud-init[1444]: Cloud-init v. 19.1-1-gbaa47854-0ubuntu1~18.04.1 finished at Mon, 30 Sep 2019 03:35:28 +0000. Datasource DataSourceNoCloud [seed=/dev/sdb][dsmode=net].  Up 26.61 seconds
[[0;32m  OK  [0m] Stopped target Graphical Interface.
         Stopping Session 27 of user a[[0;32m  OK  [0m] Stopped Daily apt upgrade and clean activities.
[[0;32m  OK  [0m] Stopped Daily apt download activities.
[[0;32m  OK  [0m] Stopped PostgreSQL RDBMS.
         Stopping PostgreSQL Cluster 10-main...
         Stopping LSB: automatic crash report generation...
         Stopping LSB: Record successful boot for GRUB...
[[0;32m  OK  [0m] Stopped Resets System Activity Data Collector.
[[0;32m  OK  [0m] Stopped Message of the Day.
         Stopping vboxadd-service.service...
         Stopping Deferred execution scheduler...
         Stopping Accounts Service...
[[0;32m  OK  [0m] Stopped Apply the settings specified in cloud-config.
[[0;32m  OK  [0m] Stopped target Network is Online.
[[0;32m  OK  [0m] Stopped Wait until snapd is fully seeded.
[[0;32m  OK  [0m] Stopped target Cloud-config availability.
[[0;32m  OK  [0m] Stopped target System Time Synchronized.
         Stopping Regular background program processing daemon...
         Stopping OpenBSD Secure Shell server...
         Stopping Authorization Manager...
[[0;32m  OK  [0m] Unmounted /var/lib/lxcfs.
[[0;32m  OK  [0m] Stopped Dispatcher daemon for systemd-networkd.
[[0;32m  OK  [0m] Stopped Regular background program processing daemon.
[[0;32m  OK  [0m] Stopped irqbalance daemon.
[[0;32m  OK  [0m] Stopped Deferred execution scheduler.
[[0;32m  OK  [0m] Stopped System Logging Service.
[[0;32m  OK  [0m] Stopped Accounts Service.
[[0;32m  OK  [0m] Stopped Unattended Upgrades Shutdown.
[[0;32m  OK  [0m] Stopped Serial Getty on ttyS0.
[[0;32m  OK  [0m] Stopped Getty on tty1.
[[0;32m  OK  [0m] Stopped Authorization Manager.
[[0;32m  OK  [0m] Stopped OpenBSD Secure Shell server.
[[0;32m  OK  [0m] Stopped User Manager for UID 1000.
[[0;32m  OK  [0m] Stopped Availability of block devices.
[[0;32m  OK  [0m] Stopped D-Bus System Message Bus.
[[0;32m  OK  [0m] Stopped PostgreSQL Cluster 10-main.
[[0;32m  OK  [0m] Stopped FUSE filesystem for LXC.
[[0;32m  OK  [0m] Stopped Session 27 of user vagrant.
[[0;32m  OK  [0m] Removed slice system-postgresql.slice.
[[0;32m  OK  [0m] Removed slice User Slice of vagrant.
[[0;32m  OK  [0m] Removed slice system-getty.slice.
         Stopping Permit User Sessions...
[[0;32m  OK  [0m] Removed slice system-serial\x2dgetty.slice.
         Stopping Login Service...
[[0;32m  OK  [0m] Stopped LXD - container startup/shutdown.
[[0;32m  OK  [0m] Stopped Permit User Sessions.
[[0;32m  OK  [0m] Stopped vboxadd-service.service.
         Stopping vboxadd.service...
[[0;32m  OK  [0m] Stopped target Network.
         Stopping Network Name Resolution...
[[0;32m  OK  [0m] Unmounted /vagrant.
[[0;32m  OK  [0m] Stopped Network Name Resolution.
[[0;32m  OK  [0m] Stopped Login Service.
[[0;32m  OK  [0m] Stopped LSB: automatic crash report generation.
[[0;32m  OK  [0m] Stopped LSB: Record successful boot for GRUB.
[[0;32m  OK  [0m] Stopped vboxadd.service.
[[0;32m  OK  [0m] Stopped target Remote File Systems.
[[0;32m  OK  [0m] Stopped target Remote File Systems (Pre).
[[0;32m  OK  [0m] Stopped target User and Group Name Lookups.
[[0;32m  OK  [0m] Stopped target Basic System.
[[0;32m  OK  [0m] Stopped target Slices.
[[0;32m  OK  [0m] Removed slice User and Session Slice.
[[0;32m  OK  [0m] Stopped target Sockets.
[[0;32m  OK  [0m] Closed Socket activation for snappy daemon.
[[0;32m  OK  [0m] Closed UUID daemon activation socket.
[[0;32m  OK  [0m] Closed ACPID Listen Socket.
[[0;32m  OK  [0m] Closed Open-iSCSI iscsid Socket.
[[0;32m  OK  [0m] Closed LXD - unix socket.
[[0;32m  OK  [0m] Closed Syslog Socket.
[[0;32m  OK  [0m] Stopped target Paths.
[[0;32m  OK  [0m] Stopped ACPI Events Check.
[[0;32m  OK  [0m] Closed D-Bus System Message Bus Socket.
[[0;32m  OK  [0m] Stopped target System Initialization.
[[0;32m  OK  [0m] Stopped Initial cloud-init job (metadata service crawler).
[[0;32m  OK  [0m] Stopped target Local Encrypted Volumes.
[[0;32m  OK  [0m] Stopped Dispatch Password Requests to Console Directory Watch.
[[0;32m  OK  [0m] Stopped Forward Password Requests to Wall Directory Watch.
         Stopping Load/Save Random Seed...
         Stopping Update UTMP about System Boot/Shutdown...
         Stopping Network Service...
[[0;32m  OK  [0m] Stopped Load/Save Random Seed.
[[0;32m  OK  [0m] Stopped Update UTMP about System Boot/Shutdown.
[[0;32m  OK  [0m] Stopped Create Volatile Files and Directories.
[[0;32m  OK  [0m] Stopped target Local File Systems.
         Unmounting /run/user/1000...
[[0;32m  OK  [0m] Stopped Network Service.
[[0;32m  OK  [0m] Unmounted /run/user/1000.
[[0;32m  OK  [0m] Reached target Unmount All Filesystems.
[[0;32m  OK  [0m] Stopped target Swap.
[[0;32m  OK  [0m] Stopped target Local File Systems (Pre).
         Stopping Monitoring of LVM2 mirrorsâ€¦ng dmeventd or progress polling...
[[0;32m  OK  [0m] Stopped Create Static Device Nodes in /dev.
[[0;32m  OK  [0m] Stopped Apply Kernel Variables.
[[0;32m  OK  [0m] Stopped Load Kernel Modules.
[[0;32m  OK  [0m] Stopped target Network (Pre).
[[0;32m  OK  [0m] Stopped Initial cloud-init job (pre-networking).
[[0;32m  OK  [0m] Stopped Remount Root and Kernel File Systems.
[[0;32m  OK  [0m] Reached target Shutdown.
[[0;32m  OK  [0m] Reached target Final Step.
         Starting Power-Off...
[[0;32m  OK  [0m] Stopped Monitoring of LVM2 mirrors,â€¦sing dmeventd or progress polling.
         Stopping LVM2 metadata daemon...
[[0;32m  OK  [0m] Stopped LVM2 metadata daemon.
[11263.993115] reboot: Power down
