[   0.000000] Linux version 4.15.0-60-generic (buld@lgw1-amd64-030) (gcc version 7.4.0 (Ubuntu 7.4.0-1ubuntu1~1.04.1)) #6Ubuntu SMP Thu Aug 22 16:55:30 UTC 2019 (Ubuntu 4.15.0-60.67-generic 4.15.18)
[    0.000000] Command line: BOOT_IMAGE=/boot/vmlinuz-4.15.0-60-generic root=UUID=a5eb06e2-8eb1-4232-8570-2cc927993946 ro console=tty1 console=ttyS0
[    0.000000] KERNEL supported cpus:
[    0.000000]   Intel GenuineIntel
[    0.000000]   AMD AuthenticAMD
[    0.000000]   Centaur CentaurHauls
[    0.000000] x86/fpu: Supporting XSAVE feature 0x001: 'x87 floating point egsters'
[    0.00000] x86/f: Suppoti XSAVE feature 0x002: 'SSE registers'
[    0.000000] x86/fpu: Supporting XSAVE feature 0x004: 'AVX risters'
[    0.000000] x86/fpu: xstate_offset[2]:  576, xstate_sizes[2]:  256
[    0.000000] x86/fpu: Enabled xstate features 0x7, context size is 832 bytes, using 'standard' format.
[    0.000000] e820: BIOS-provided physical RAM map:
[    0.000000] BIOS-e820: [mem 0x0000000000000000-0x000000000009fbff] usable
[    0.000000] BIOS-e820: [mem 0x000000000009fc00-0x000000000009ffff] reserved
[    0.000000] BIOS-e820: [mem 0x00000000000f0000-0x00000000000fffff] reserved
[    0.000000] BIOS-e820: [mem 0x0000000000100000-0x000000003ffeffff] usable
[    0.000000] BIOS-e820: [mem 0x000000003fff0000-0x000000003fffffff] ACPI data
[    0.000000] BIOS-e820: [mem 0x00000000fec00000-0x00000000fec00fff] reserved
[    0.000000] BIOS-e820: [me 0x00000000fee00000-0x00000000fee00fff] reserved
[    0.0000] BIOS-e820: [memx0000000fffc0000-0x00000000ffffffff] reserved
[    0.000000] NX (Execute Disable) protection: active
[    0.000000] SMBIOS 2.5 present.
[    0.000000] DMI: innotek GmbH VirtualBox/VirtualBox, BIOS VirtualBox 12/01/2006
[    0.000000] Hypervisor detected: KVM
[    0.000000] e820: last_pfn = 0x3fff0 max_arch_pfn = 0x400000000
[    0.000000] MTRR: Disabled
[    0.000000] x86/PAT: MTRRs disabled, skipping PAT initialization too.
[    0.00000 CPU MTRRs all blank - virtualized system.
[    0.000000] x86/PAT: Configuration [0-7]: WB  WT  UC- UC  WB  WT  UC- UC  
[    0.000000] found SMP MP-table at [mem 0x0009fff0-0x0009ffff]
[    0.000000] Scanning 1 areas orow memory corruption
[    0.000000] RAMDISK: [mem 0x35983000-0x36cb8fff]
[    0.000000] ACPI: Early table checksum verification disabled
[    0.000000] ACPI: RSDP 0x00000000000E0000 000024 (v02 VBOX  )
[    0.000000] ACPI: XSDT 0x000000003FFF0030 0003C(v01 VBOX   VBOXXSDT 00000001 ASL  00000061)
[    0.000000] ACPI: FACP 0x000000003FFF00F0 0000F4 (v04 VBOX   VBOXFACP 00000001 ASL  00000061)
[    0.000000] ACPI: DSDT 0x000000003FFF0470 0021FF (v02 VBX   VBOXBIOS 00000002 INTL 20100528
[    0.000000] ACPI: FACS 0x000000003FFF0200 000040
[    0.000000] ACPI: FACS 0x000000003FFF0200 000040
[    0.000000] ACPI: APIC 0x000000003FFF0240 00005C (v02 VBOX   VBOXAPIC 00000001 ASL  00000061)
[    0.000000] ACPI: SSDT 0x000000003FFF02A0 0001CC (v01 VBOX   VBOXCPUT 00000002 INTL 20100528)
[    0.000000] No NUMA configuration found
[    0.000000] Faking a node at [mem 0x0000000000000000-0x000000003ffeffff]
[    0.0000]NODE_DATA(0)alocated[m 0x3fc00-0x3efff]
[   .000000] kvm-clock: cu 0, msr 0:3ff44001, primary cpu clock
[    0.000000] kvm-clock: Using msrs 4b564d01 and 4b564d00
[    0.000000] kvm-clock: using sched offset of 7014261832 cycles
[    0.000000] clocksource: kvm-clock: mask: 0xffffffffffffffff max_cycles: 0x1cd42e4dffb, max_idle_ns: 8815051483 ns
[    0.000000] Zone ranges:
[    0.000000]   DMA      [mem 0x0000000000001000-0x0000000000ffffff]
[    0.000000]   DMA32    [mem 0x0000000001000000-0x000000003ffeffff]
[  0.000000]   Normal   empty
[    0.000000]   Device   empty
[   000000] Movable zone start for each node
[    0.000000] Early memory node ranges
[    0.000000]   node   0: [mem 0x0000000000001000-0x000000000009efff]
[    0.000000]   node   0: [mem 0x0000000000100000-0x000000003ffeffff]
[    0.000000] Reserved but unavailable: 98 pages
[    0.000000] Initmem setup node 0 [mem 0x000000001000-0x0000003ffeffff]
[    0.000000] ACPI: PM-Timer IO Port: 0x4008
[    0.000000] IOAPIC[0]: apic_id 2, version 32, address 0xfec00000, GSI 0-23
[    0.000000] ACPI: INT_SRC_OVR (bus 0 bus_irq 0 global_irq 2 dfl dfl)
[    0.00000] CPI:NTSRC_OVR (bus 0 bus_irq 9 global_irq 9 low level)
[    0.000000] Usin AI (MADT) for SMP configuration information
[    0.000000] smpboot: Allowing 2 CPUs, 0 hotplug CPUs
[    0.000000] PM: Registered nosave memory: [mem 0x00000000-0x00000fff]
[    0.000000] PM: Registered nosave memory: [mem 0x0009f000-0x0009ffff]
[    0.000000] PM: Registered nosave memory: [mem 0x000a0000-0x000effff]
[    0.000000] PM: Registered nave memory: [mem 0x000f0000-0x000fffff]
[   0.00000] e820: [mem 0x40000000-0xfebfffff] available for PCI devices
[    0.000000] Booting paravirtualized kernel on KVM
[    0.000000] clocksource: refined-jiffies: mask: 0xffffffff max_cycles: 0xffffffff, max_idle_ns: 7645519600211568 ns
[    0.000000] random: get_random_bytes called from start_kernel+0x99/0x4fd with crng_init=0
[    0.000000] setup_percpu: NR_CPUS:8192 nr_cpumask_bits:2 nr_cpu_ids:2 nr_node_ids:1
[    0.000000] percpu: Embedded 46 pages/cpu s151552 r8192 d28672 u1048576
[    0.000000] PV qspinlock hash table entries: 256 (order: 0, 4096 bytes)
[    0.000000] Built 1 zonelists, mobility grouping on.  Total pages: 257913
[    0.000000] Policy zone: DMA32
[    0.000000] Kernel command line: BOOT_IMAGE=/boot/vmlinuz-4.15.0-60-generic root=UUID=a5eb06e2-8eb1-4232-8570-2cc927993946 ro console=tty1 console=ttyS0
[    0.000000] Memory: 982912K/1048120K available (12300K kernel code, 2481K rwdata, 4172K rodata, 2436K init, 2384K bss, 65208K reserved, 0K cma-reserved)
[    0.000000] SLUB: HWalign=64, Order=0-3, MinObjects=0, CPUs=2, Nodes=1
[    0.000000] Kernel/User page tables isolation: enabled
[    0.000000] ftrace: allocating 39306 entries in 154 pages
[    0.004000] Hierarchical RCU implementation.
[    0.004000] 	RCU restricting CPUs from NR_CPUS=8192 to nr_cpu_ids=2.
[    0.004000] 	Tasks RCU enabled.
[    0.004000] RCU: Adjusting geometryfor rcu_fanout_leaf=16, nr_cpu_ids=2
[    0.004000] NR_IRQS: 524544, nr_irqs: 440, preallocated irqs: 16
[    0.004000] Console: colour VGA+ 80x25
[    0.004000] console [tty1] enabled
[    0.004000] console [ttyS0] enabled
[    0.004000] ACPI: Core revision 20170831
[    0.004000] ACPI: 2 ACPI AML tables successfully acquired and loaded
[    0.004000] APIC: Switch to symmetric I/O mode setup
[    0.004000] x2apic enabled
[    0.004007] Switched APIC routing to physical x2apic.
[    0.006182] ..TIMER: vector=0x30 apic1=0 pin1=2 apic2=-1 pin2=-1
[    0.008004] tsc: Detected 2304.000 MHz processor
[    0.012012] Calibrating delay loop (skipped) preset value.. 4608.00 BogoMIPS (lpj=9216000)
[    0.016004] pid_max: default: 32768 minimum: 301
[    0.017422] Security Framework initialized
[    0.018658] Yama: becoming mindful.
[    0.020029] AppArmor: AppArmor initialized
[    0.024161] Dentry cache hash table entries: 131072 (order: 8, 1048576 bytes)
[    0.028062] Inode-cache hash table entries: 65536 (order: 7, 524288 bytes)
[    0.032021] Mount-cache hash table entries: 2048 (order: 2, 16384 bytes)
[    0.033995] Mountpoint-cache hash table entries: 2048 (order: 2, 16384 bytes)
[    0.036228] Last level iTLB entries: 4KB 64, 2MB 8, 4MB 8
[    0.040002] Last level dTLB entries: 4KB 64, 2MB 0, 4MB 0, 1GB 4
[    0.041767] Spectre V1 : Mitigation: usercopy/swapgs barriers and __user pointer sanitization
[    0.044002] Spectre V2 : Mitigation: Full generic retpoline
[    0.045669] Spectre V2 : Spectre v2 / SpectreRSB mitigation: Filling RSB on context switch
[    0.048002] Speculative Store Bypass: Vulnerable
[    0.049423] MDS: Vulnerable: Clear CPU buffers attempted, no microcode
[    0.052150] Freeing SMP alternatives memory: 36K
[    0.060000] smpboot: CPU0: Intel(R) Core(TM) i5-7360U CPU @ 2.30GHz (family: 0x6, model: 0x8e, stepping: 0x9)
[    0.060068] Performance Events: unsupported p6 CPU model 142 no PMU driver, software events only.
[    0.064052] Hierarchical SRCU implementation.
[    0.065934] NMI watchdog: Perf event create on CPU 0 failed with -2
[    0.068004] NMI watchdog: Perf NMI watchdog permanently disabled
[    0.072086] smp: Bringing up secondary CPUs ...
[    0.076084] x86: Booting SMP configuration:
[    0.080004] .... node  #0, CPUs:      #1
[    0.004000] kvm-clock: cpu 1, msr 0:3ff44041, secondary cpu clock
[    0.090620] smp: Brought up 1 node, 2 CPUs
[    0.092056] smpboot: Max logical packages: 1
[    0.096049] smpboot: Total of 2 processors activated (9216.00 BogoMIPS)
[    0.100134] devtmpfs: initialized
[    0.104074] x86/mm: Memory block size: 128MB
[    0.108165] evm: security.selinux
[    0.111704] evm: security.SMACK64
[    0.112009] evm: security.SMACK64EXEC
[    0.113232] evm: security.SMACK64TRANSMUTE
[    0.116005] evm: security.SMACK64MMAP
[    0.120005] evm: security.apparmor
[    0.124002] evm: security.ima
[    0.124791] evm: security.capability
[    0.132110] clocksource: jiffies: mask: 0xffffffff max_cycles: 0xffffffff, max_idle_ns: 7645041785100000 ns
[    0.134993] futex hash table entries: 512 (order: 3, 32768 bytes)
[    0.140013] pinctrl core: initialized pinctrl subsystem
[    0.144107] RTC time:  4:03:57, date: 09/10/19
[    0.145895] NET: Registered protocol family 16
[    0.148067] audit: initializing netlink subsys (disabled)
[    0.152047] audit: type=2000 audit(1568088243.757:1): state=initialized audit_enabled=0 res=1
[    0.224013] cpuidle: using governor ladder
[    0.228016] cpuidle: using governor menu
[    0.232051] ACPI: bus type PCI registered
[    0.236003] acpiphp: ACPI Hot Plug PCI Controller Driver version: 0.5
[    0.240125] PCI: Using configuration type 1 for base access
[    0.241839] HugeTLB registered 2.00 MiB page size, pre-allocated 0 pages
[    0.244075] ACPI: Added _OSI(Module Device)
[    0.248008] ACPI: Added _OSI(Processor Device)
[    0.252007] ACPI: Added _OSI(3.0 _SCP Extensions)
[    0.256004] ACPI: Added _OSI(Processor Aggregator Device)
[    0.260007] ACPI: Added _OSI(Linux-Dell-Video)
[    0.264008] ACPI: Added _OSI(Linux-Lenovo-NV-HDMI-Audio)
[    0.268007] ACPI: Added _OSI(Linux-HPI-Hybrid-Graphics)
[    0.272442] ACPI: Executed 1 blocks of module-level executable AML code
[    0.281545] ACPI: Interpreter enabled
[    0.284059] ACPI: (supports S0 S5)
[    0.288005] ACPI: Using IOAPIC for interrupt routing
[    0.289728] PCI: Using host bridge windows from ACPI; if necessary, use "pci=nocrs" and report a bug
[    0.292244] ACPI: Enabled 2 GPEs in block 00 to 07
[    0.316365] ACPI: PCI Root Bridge [PCI0] (domain 0000 [bus 00-ff])
[    0.320025] acpi PNP0A03:00: _OSC: OS supports [ASPM ClockPM Segments MSI]
[    0.324048] acpi PNP0A03:00: _OSC: not requesting OS control; OS requires [ExtendedConfig ASPM ClockPM MSI]
[    0.328020] acpi PNP0A03:00: fail to add MMCONFIG information, can't access extended PCI configuration space under this bridge.
[    0.336449] PCI host bridge to bus 0000:00
[    0.338185] pci_bus 0000:00: root bus resource [io  0x0000-0x0cf7 window]
[    0.340006] pci_bus 0000:00: root bus resource [io  0x0d00-0xffff window]
[    0.344009] pci_bus 0000:00: root bus resource [mem 0x000a0000-0x000bffff window]
[    0.348009] pci_bus 0000:00: root bus resource [mem 0x40000000-0xfdffffff window]
[    0.352007] pci_bus 0000:00: root bus resource [bus 00-ff]
[    0.364058] pci 0000:00:01.1: legacy IDE quirk: reg 0x10: [io  0x01f0-0x01f7]
[    0.367561] pci 0000:00:01.1: legacy IDE quirk: reg 0x14: [io  0x03f6]
[    0.368005] pci 0000:00:01.1: legacy IDE quirk: reg 0x18: [io  0x0170-0x0177]
[    0.372007] pci 0000:00:01.1: legacy IDE quirk: reg 0x1c: [io  0x0376]
[    0.394293] pci 0000:00:07.0: quirk: [io  0x4000-0x403f] claimed by PIIX4 ACPI
[    0.396024] pci 0000:00:07.0: quirk: [io  0x4100-0x410f] claimed by PIIX4 SMB
[    0.410610] ACPI: PCI Interrupt Link [LNKA] (IRQs 5 9 10 *11)
[    0.412300] ACPI: PCI Interrupt Link [LNKB] (IRQs 5 9 *10 11)
[    0.416147] ACPI: PCI Interrupt Link [LNKC] (IRQs 5 *9 10 11)
[    0.420148] ACPI: PCI Interrupt Link [LNKD] (IRQs 5 9 10 *11)
[    0.424395] SCSI subsystem initialized
[    0.428048] pci 0000:00:02.0: vgaarb: setting as boot VGA device
[    0.432000] pci 0000:00:02.0: vgaarb: VGA device added: decodes=io+mem,owns=io+mem,locks=none
[    0.432008] pci 0000:00:02.0: vgaarb: bridge control possible
[    0.436007] vgaarb: loaded
[    0.438658] ACPI: bus type USB registered
[    0.440083] usbcore: registered new interface driver usbfs
[    0.444050] usbcore: registered new interface driver hub
[    0.448033] usbcore: registered new device driver usb
[    0.452068] EDAC MC: Ver: 3.0.0
[    0.456363] PCI: Using ACPI for IRQ routing
[    0.457723] NetLabel: Initializing
[    0.460003] NetLabel:  domain hash size = 128
[    0.464002] NetLabel:  protocols = UNLABELED CIPSOv4 CALIPSO
[    0.468029] NetLabel:  unlabeled traffic allowed by default
[    0.476009] clocksource: Switched to clocksource kvm-clock
[    0.490678] VFS: Disk quotas dquot_6.6.0
[    0.492312] VFS: Dquot-cache hash table entries: 512 (order  4096 bytes)
[    0.541604] AppArmor: AppArmor Filesystem abled
[    0.590252] pn: PnP ACP init
[    0.642801]pnp: PnP ACPI: found 3 devices

[   .683476] clocksoue: acpi_pm: mask: 0xffffff max_cycles: 0xffffff, max_idle_ns205701024 ns

[    0.869497] NET: Registered protocol family 2
[    0.879413] TCP established hash table entries: 819(oder: 4, 65536 bytes)
[    0.964534] TCP bind hash table entries: 8192 (order: 5, 131072 bytes)
[    0.966975] TCP: Hash tables configured (established 8192 bind 819)
[    0.993380] UDP hash table entries:12 (order: 2, 16384 bytes)
[    1.047192] UDP-ite hash table entries: 512 (order: 2, 16384 bytes)
[    1.783]ET: Registered protocol family 1
[    1.205037] pci 0000:00:00.0: Limiting direct PCI/PCI transfers
[    1.206702] pci 0000:00:01.0: Activating ISA DMA hang workarounds
[  1.208344] pci 0000:00:02.0: Video device with shadowed ROM at [mem 0x000c0000-0x000dffff]
[    1.270325] Unpacking initramfs...

[    1.576422] Freeing initrd memory: 19672K
[    1.578200] clocksource: tsc: mask: 0xffffffffffffffff max_cycles: 0x2135f7c97c8, max_idle_ns: 440795273205 ns
[    1.594881] platform rtc_cmos: registered platform RTC device (no PNP device found)
[    1.599149] Scanning for low memory corruption every 60 seconds
[    1.607383] Initialise system trusted keyrings
[    1.634827] Key type blacklist registered
[    1.636507] workingset: timestamp_bits=36 max_order=18 bucket_order=0
[    1.651013] zbud: loaded
[    1.652883] squashfs: version 4.0 (2009/01/31) Phillip Lougher
[    1.671766] fuse init (API version 7.26)
[    1.683099] Key type asymmetric registered
[    1.684482] Asymmetric key parser 'x509' registered
[    1.686006] Block layer SCSI generic (bsg) driver version 0.4 loaded (major 246)
[    1.687852] io scheduler noop registered
[    1.711388] io scheduler deadline registered
[    1.741061] io scheduler cfq registered (default)
[    1.754530] ACPI: AC Adapter [AC] (on-line)
[    1.761555] input: Power Button as /devices/LNXSYSTM:00/LNXPWRBN:00/input/input0
[    1.781740] ACPI: Power Button [PWRF]
[    1.795528] input: Sleep Button as /devices/LNXSYSTM:00/LNXSLPBN:00/input/input1
[    1.842481] ACPI: Sleep Button [SLPF]
[    1.845903] ACPI: Battery Slot [BAT0] (battery present)
[    1.860674] Serial: 8250/16550 driver, 32 ports, IRQ sharing enabled
[    1.979817] 00:02: ttyS0 at I/O 0x3f8 (irq = 4, base_baud = 115200) is a 16550A
[    2.026115] Linux agpgart interface v0.103
[    2.094443] loop: module loaded
[    2.106298] scsi host0: ata_piix
[    2.107618] scsi host1: ata_piix
[    2.113718] ata1: PATA max UDMA/33 cmd 0x1f0 ctl 0x3f6 bmdma 0xd000 irq 14
[    2.149975] ata2: PATA max UDMA/33 cmd 0x170 ctl 0x376 bmdma 0xd008 irq 15
[    2.196649] libphy: Fixed MDIO Bus: probed
[    2.222763] tun: Universal TUN/TAP device driver, 1.6
[    2.232572] PPP generic driver version 2.4.2
[    2.275699] ehci_hcd: USB 2.0 'Enhanced' Host Controller (EHCI) Driver
[    2.278993] ehci-pci: EHCI PCI platform driver
[    2.282694] ehci-platform: EHCI generic platform driver
[    2.297703] ohci_hcd: USB 1.1 'Open' Host Controller (OHCI) Driver
[    2.309759] ohci-pci: OHCI PCI platform driver
[    2.318443] ohci-platform: OHCI generic platform driver
[    2.321490] uhci_hcd: USB Universal Host Controller Interface driver
[    2.323150] i8042: PNP: PS/2 Controller [PNP0303:PS2K,PNP0f03:PS2M] at 0x60,0x64 irq 1,12
[    2.326212] serio: i8042 KBD port at 0x60,0x64 irq 1
[    2.353896] serio: i8042 AUX port at 0x60,0x64 irq 12
[    2.356586] mousedev: PS/2 mouse device common for all mice
[    2.369984] input: AT Translated Set 2 keyboard as /devices/platform/i8042/serio0/input/input2
[    2.385942] rtc_cmos rtc_cmos: rtc core: registered rtc_cmos as rtc0
[    2.389123] rtc_cmos rtc_cmos: alarms up to one day, 114 bytes nvram
[    2.404877] i2c /dev entries driver
[    2.413692] device-mapper: uevent: version 1.0.3
[    2.424000] device-mapper: ioctl: 4.37.0-ioctl (2017-09-20) initialised: dm-devel@redhat.com
[    2.441648] ledtrig-cpu: registered to indicate activity on CPUs
[    2.444812] NET: Registered protocol family 10
[    2.453707] Segment Routing with IPv6
[    2.455136] NET: Registered protocol family 17
[    2.456638] Key type dns_resolver registered
[    2.458320] mce: Using 0 MCE banks
[    2.473688] RAS: Correctable Errors collector initialized.
[    2.476952] sched_clock: Marking stable (2476913282, 0)->(5489785612, -3012872330)
[    2.509091] registered taskstats version 1
[    2.512891] Loading compiled-in X.509 certificates
[    2.529144] Loaded X.509 cert 'Build time autogenerated kernel key: 9d88e3c0462fa0d2df2917e8bbfdfdd1c55d8ddc'
[    2.548849] zswap: loaded using pool lzo/zbud
[    2.567979] Key type big_key registered
[    2.576855] Key type trusted registered
[    2.584260] Key type encrypted registered
[    2.593753] AppArmor: AppArmor sha1 policy hashing enabled
[    2.598801] ima: No TPM chip found, activating TPM-bypass! (rc=-19)
[    2.613505] ima: Allocated hash algorithm: sha1
[    2.625246] evm: HMAC attrs: 0x1
[    2.627424]   Magic number: 3:703:59
[    2.642494] rtc_cmos rtc_cmos: setting system clock to 2019-09-10 04:04:00 UTC (1568088240)
[    2.677379] BIOS EDD facility v0.16 2004-Jun-25, 0 devices found
[    2.702914] EDD information not available.
[    2.713342] Freeing unused kernel image memory: 2436K
[    2.744286] Write protecting the kernel read-only data: 20480k
[    2.747491] Freeing unused kernel image memory: 2008K
[    2.782126] Freeing unused kernel image memory: 1972K
[    2.795963] x86/mm: Checked W+X mappings: passed, no W+X pages found.
[    2.812907] x86/mm: Checking user space page tables
[    2.821321] x86/mm: Checked W+X mappings: passed, no W+X pages found.
Loading, please wait...
starting version 237
[    2.918965] e1000: Intel(R) PRO/1000 Network Driver - version 7.3.21-k8-NAPI
[    2.920763] e1000: Copyright (c) 1999-2006 Intel Corporation.
[    2.931004] Fusion MPT base driver 3.04.20
[    2.932221] Copyright (c) 1999-2008 LSI Corporation
[    2.945440] AVX2 version of gcm_enc/dec engaged.
[    2.946642] AES CTR mode by8 optimization enabled
[    2.955131] Fusion MPT SPI Host driver 3.04.20
[    3.141783] input: ImExPS/2 Generic Explorer Mouse as /devices/platform/i8042/serio1/input/input4
[    3.391694] e1000 0000:00:03.0 eth0: (PCI:33MHz:32-bit) 02:26:45:5c:bc:af
[    3.454432] e1000 0000:00:03.0 eth0: Intel(R) PRO/1000 Network Connection
[    3.457203] mptbase: ioc0: Initiating bringup
[    3.552659] ioc0: LSI53C1030 A0: Capabilities={Initiator}
[    3.797622] scsi host2: ioc0: LSI53C1030 A0, FwRev=00000000h, Ports=1, MaxQ=256, IRQ=20
[    3.976938] scsi 2:0:0:0: Direct-Access     VBOX     HARDDISK         1.0  PQ: 0 ANSI: 5
[    4.016060] scsi target2:0:0: Beginning Domain Validation
[    4.105032] scsi target2:0:0: Domain Validation skipping write tests
[    4.158260] scsi target2:0:0: Ending Domain Validation
[    4.165970] scsi target2:0:0: asynchronous
[    4.169461] scsi 2:0:1:0: Direct-Access     VBOX     HARDDISK         1.0  PQ: 0 ANSI: 5
[    4.475011] scsi target2:0:1: Beginning Domain Validation
[    4.499150] random: fast init done
[    4.500858] scsi target2:0:1: Domain Validation skipping write tests
[    4.504821] scsi target2:0:1: Ending Domain Validation
[    4.507448] scsi target2:0:1: asynchronous
[    4.514445] random: systemd-udevd: uninitialized urandom read (16 bytes read)
[    4.515047] e1000 0000:00:08.0 eth1: (PCI:33MHz:32-bit) 08:00:27:6b:6f:82
[    4.524944] random: systemd-udevd: uninitialized urandom read (16 bytes read)
[    4.528843] e1000 0000:00:08.0 eth1: Intel(R) PRO/1000 Network Connection
[    4.558109] random: systemd-udevd: uninitialized urandom read (16 bytes read)
[    4.571968] e1000 0000:00:08.0 enp0s8: renamed from eth1
[    4.575093] sd 2:0:0:0: Attached scsi generic sg0 type 0
[    4.575609] sd 2:0:0:0: [sda] 20971520 512-byte logical blocks: (10.7 GB/10.0 GiB)
[    4.599345] sd 2:0:1:0: Attached scsi generic sg1 type 0
[    4.601792] sd 2:0:0:0: [sda] Write Protect is off
[    4.625134] e1000 0000:00:03.0 enp0s3: renamed from eth0
[    4.625442] sd 2:0:1:0: [sdb] 20480 512-byte logical blocks: (10.5 MB/10.0 MiB)
[    4.639751] sd 2:0:0:0: [sda] Incomplete mode parameter data
[    4.656398] sd 2:0:1:0: [sdb] Write Protect is off
[    4.667504] sd 2:0:0:0: [sda] Assuming drive cache: write through
[    4.670729] sd 2:0:1:0: [sdb] Incomplete mode parameter data
[    4.689124] sd 2:0:1:0: [sdb] Assuming drive cache: write through
[    4.706711] sd 2:0:1:0: [sdb] Attached SCSI disk
[    4.713023]  sda: sda1
[    4.719643] sd 2:0:0:0: [sda] Attached SCSI disk
Begin: Loading essential drivers ... [    6.172586] raid6: sse2x1   gen() 10044 MB/s
[    6.260058] raid6: sse2x1   xor()  8058 MB/s
[    6.328566] raid6: sse2x2   gen() 14465 MB/s
[    6.376341] raid6: sse2x2   xor()  9970 MB/s
[    6.502206] raid6: sse2x4   gen() 18630 MB/s
[    6.580137] raid6: sse2x4   xor()  9612 MB/s
[    6.640107] raid6: avx2x1   gen() 19074 MB/s
[    6.700482] raid6: avx2x1   xor() 14805 MB/s
[    6.773989] raid6: avx2x2   gen() 27277 MB/s
[    6.832422] raid6: avx2x2   xor() 16329 MB/s
[    6.888170] raid6: avx2x4   gen() 21011 MB/s
[    6.936292] raid6: avx2x4   xor() 12916 MB/s
[    6.944997] raid6: using algorithm avx2x2 gen() 27277 MB/s
[    6.946637] raid6: .... xor() 16329 MB/s, rmw enabled
[    6.985222] raid6: using avx2x2 recovery algorithm
[    7.018069] xor: automatically using best checksumming function   avx       
[    7.073007] async_tx: api initialized (async)
done.
Begin: Running /scripts/init-premount ... done.
Begin: Mounting root file system ... Begin: Running /scripts/local-top ... done.
Begin: Running /scripts/local-premount ... [    7.150835] Btrfs loaded, crc32c=crc32c-intel
Scanning for Btrfs filesystems
done.
Warning: fsck not present, so skipping root file[    7.216930] EXT4-fs (sda1): mounted filesystem with ordered data mode. Opts: (null)
 system
done.
Begin: Running /scripts/local-bottom ... done.
Begin: Running /scripts/init-bottom ... done.
[    7.861331] ip_tables: (C) 2000-2006 Netfilter Core Team
[    7.886325] systemd[1]: systemd 237 running in system mode. (+PAM +AUDIT +SELINUX +IMA +APPARMOR +SMACK +SYSVINIT +UTMP +LIBCRYPTSETUP +GCRYPT +GNUTLS +ACL +XZ +LZ4 +SECCOMP +BLKID +ELFUTILS +KMOD -IDN2 +IDN -PCRE2 default-hierarchy=hybrid)
[   10.215091] systemd[1]: Detected virtualization oracle.
[   11.256106] systemd[1]: Detected architecture x86-64.

Welcome to [1mUbuntu 18.04.2 LTS[0m!

[   11.290908] systemd[1]: Set hostname to <ubuntu-bionic>.
[   12.580227] random: crng init done
[   12.933890] random: 7 urandom warning(s) missed due to ratelimiting
[   13.077855] systemd[1]: Created slice User and Session Slice.
[[0;32m  OK  [0m] Created slice User and Session Slice.
[   13.095050] systemd[1]: Reached target System Time Synchronized.
[[0;32m  OK  [0m] Reached target System Time Synchronized.
[   13.111625] systemd[1]: Set up automount Arbitrary Executable File Formats File System Automount Point.
[[0;32m  OK  [0m] Set up automount Arbitrary Executabâ€¦rmats File System Automount Point.
[   13.149998] systemd[1]: Created slice System Slice.
[[0;32m  OK  [0m] Created slice System Slice.
[   13.598091] systemd[1]: Listening on Syslog Socket.
[[0;32m  OK  [0m] Listening on Syslog Socket.
[   13.605649] systemd[1]: Listening on Journal Socket.
[[0;32m  OK  [0m] Listening on Journal Socket.
[   13.984584] systemd[1]: Listening on LVM2 metadata daemon socket.
[[0;32m  OK  [0m] Listening on LVM2 metadata daemon socket.
[   14.206083] systemd[1]: Mounting POSIX Message Queue File System...
         Mounting POSIX Message Queue File System...
[   14.226273] systemd[1]: Starting Create list of required static device nodes for the current kernel...
         Starting Create list of required stâ€¦ce nodes for the current kernel...
[   14.254158] systemd[1]: Listening on Network Service Netlink Socket.
[[0;32m  OK  [0m] Listening on Network Service Netlink Socket.
[[0;32m  OK  [0m] Listening on udev Control Socket.
         Starting Uncomplicated firewall...
[[0;32m  OK  [0m] Reached target Slices.
         Mounting Huge Pages File System...
[[0;32m  OK  [0m] Listening on /dev/initctl Compatibility Named Pipe.
         Starting Load Kernel Modules...
[[0;32m  OK  [0m] Created slice system-serial\x[   15.419818] Loading iSCSI transport class v2.0-870.
2dgetty.slice.
         Starting Remount Root and Kernel File Systems...
[   15.447693] iscsi: registered transport (tcp)
[[0;32m  OK  [0m] Listening on LVM2 poll daemon socket.
[[0;32m  OK  [0m] Listening on udev Kernel Socket.
[[0;32m  OK  [0m] Created slice system-postgresql.slice.
[[0;32m  OK  [0m] Listening on Device-mapper event daemon FIFOs.
         Starting Monitoring of LVM2 mirrorsâ€¦ng dmeventd or progress polling...
         Mounting Kernel Debug File System...
[[0;32m  OK  [0m] Started Forward Password Requests to Wall Directory Watch.
[[0;32m  OK  [0m] Reached target U[   15.544824] iscsi: registered transport (iser)
ser and Group Na[   15.572067] EXT4-fs (sda1): re-mounted. Opts: (null)
me Lookups.
         Starting udev Coldplug all Devices...
[[0;32m  OK  [0m] Listening on Journal Socket (/dev/log).
[[0;32m  OK  [0m] Reached target Swap.
[[0;32m  OK  [0m] Listening on Journal Audit Socket.
         Starting Journal Service...
         Starting Set the console keyboard layout...
[[0;32m  OK  [0m] Mounted POSIX Message Queue File System.
[[0;32m  OK  [0m] Started Create list of required staâ€¦vice nodes for the current kernel.
[[0;32m  OK  [0m] Started Uncomplicated firewall.
[[0;32m  OK  [0m] Mounted Huge Pages File System.
[[0;32m  OK  [0m] Started Load Kernel Modules.
[[0;32m  OK  [0m] Started Remount Root and Kernel File Systems.
[[0;32m  OK  [0m] Started Journal Service.
[[0;32m  OK  [0m] Mounted Kernel Debug File System.
[[0;32m  OK  [0m] Started LVM2 metadata daemon.
         Starting Load/Save Random Seed...
         Starting Flush Journal to Persistent Storage...
         Starting Apply Kernel Variables...
         Mounting Kernel Configuration File System...
         Mounting FUSE Control File System...
         Starting Create Static Device Nodes in /dev...
[[0;32m  OK  [0m] Started Monitoring of LVM2 mirrors,â€¦sing dmeventd or progress polling.
[[0;32m  OK  [0m] Started Set the console keyboard layout.
[[0;32m  OK  [0m] Started udev Coldplug all Devices.
[[0;32m  OK  [0m] Started Load/Save Random Seed.
[[0;32m  OK  [0m] Started Apply Kernel Variables.
[[0;32m  OK  [0m] Mounted Kernel Configuration File System.
[[0;32m  OK  [0m] Mounted FUSE Control File System.
[[0;32m  OK  [0m] Started Create Static Device Nodes in /dev.
         Starting udev Kernel Device Manager...
[[0;32m  OK  [0m] Reached target Local File Systems (Pre).
[[0;32m  OK  [0m] Reached target Local File Systems.
         Starting ebtables ruleset management...
         Starting Tell Plymouth To Write Out Runtime Data...
         Starting AppArmor initialization...
         Starting Set console font and keymap...
[[0;32m  OK  [0m] Started Tell Plymouth To Write Out Runtime Data.
[[0;32m  OK  [0m] Started Set console font and keymap.
[[0;32m  OK  [0m] Started udev Kernel Device Manager.
[[0;32m  OK  [0m] Started Dispatch Password Requests to Console Directory Watch.
[[0;32m  OK  [0m] Reached target Local Encrypted Volumes.
[[0;32m  OK  [0m] Found device /dev/ttyS0.
[[0;32m  OK  [0m] Started Flush Journal to Persistent Storage.
         Starting Create Volatile Files and Directories...
[[0;32m  OK  [0m] Started ebtables ruleset management.
[[0;32m  OK  [0m] Started Create Volatile Files and Directories.
         Starting Update UTMP about System Boot/Shutdown...
[[0;32m  OK  [0m] Started Update UTMP about System Boot/Shutdown.
[[0;32m  OK  [0m] Listening on Load/Save RF Kill Switch Status /dev/rfkill Watch.
[[0;32m  OK  [0m] Started AppArmor initialization.
         Starting Initial cloud-init job (pre-networking)...
[   20.070333] cloud-init[586]: Cloud-init v. 19.1-1-gbaa47854-0ubuntu1~18.04.1 running 'init-local' at Tue, 10 Sep 2019 04:04:17 +0000. Up 19.78 seconds.
[[0;32m  OK  [0m] Started Initial cloud-init job (pre-networking).
[[0;32m  OK  [0m] Reached target Network (Pre).
         Starting Network Service...
[[0;32m  OK  [0m] Started Network Service.
         Starting Wait for Network to be Configured...
         Starting Network Name Resolution...
[[0;32m  OK  [0m] Started Network Name Resolution.
[[0;32m  OK  [0m] Reached target Host and Network Name Lookups.
[[0;32m  OK  [0m] Reached target Network.
[[0;32m  OK  [0m] Started Wait for Network to be Configured.
         Starting Initial cloud-init job (metadata service crawler)...
[   23.037847] cloud-init[713]: Cloud-init v. 19.1-1-gbaa47854-0ubuntu1~18.04.1 running 'init' at Tue, 10 Sep 2019 04:04:20 +0000. Up 22.66 seconds.
[   23.069016] cloud-init[713]: ci-info: ++++++++++++++++++++++++++++++++++++++Net device info+++++++++++++++++++++++++++++++++++++++
[   23.140678] cloud-init[713]: ci-info: +--------+------+-----------------------------+---------------+--------+-------------------+
[   23.152430] cloud-init[713]: ci-info: | Device |  Up  |           Address           |      Mask     | Scope  |     Hw-Address    |
[   23.166727] cloud-init[713]: ci-info: +--------+------+-----------------------------+---------------+--------+-------------------+
[   23.174634] cloud-init[713]: ci-info: | enp0s3 | True |          10.0.2.15          | 255.255.255.0 | global | 02:26:45:5c:bc:af |
[   23.190085] cloud-init[713]: ci-info: | enp0s3 | True |  fe80::26:45ff:fe5c:bcaf/64 |       .       |  link  | 02:26:45:5c:bc:af |
[   23.205989] cloud-init[713]: ci-info: | enp0s8 | True |        192.168.33.10        | 255.255.255.0 | global | 08:00:27:6b:6f:82 |
[   23.218717] cloud-init[713]: ci-info: | enp0s8 | True | fe80::a00:27ff:fe6b:6f82/64 |       .       |  link  | 08:00:27:6b:6f:82 |
[   23.244792] cloud-init[713]: ci-info: |   lo   | True |          127.0.0.1          |   255.0.0.0   |  host  |         .         |
[   23.256550] cloud-init[713]: ci-info: |   lo   | True |           ::1/128           |       .       |  host  |         .         |
[   23.280430] cloud-init[713]: ci-info: +--------+------+-----------------------------+---------------+--------+-------------------+
[   23.336407] cloud-init[713]: ci-info: +++++++++++++++++++++++++++++Route IPv4 info+++++++++++++++++++++++++++++
[   23.433222] cloud-init[713]: ci-info: +-------+--------------+----------+-----------------+-----------+-------+
[   23.496353] cloud-init[713]: ci-info: | Route | Destination  | Gateway  |     Genmask     | Interface | Flags |
[[0;32m  OK  [0m] Started Initial cloud-init job (metadata service crawler).
[[0;32m  OK  [0m] Reached target Network is Online.
[   23.541935] cloud-init[713]: ci-info: +-------+--------------+----------+-----------------+-----------+-------+
         Starting Availability of block devices...
[[0;32m  OK  [0m] Reached target Remote File Systems (Pre).
[[0;32m  OK  [0m] Reached target Remote File Systems.
[[0;32m  OK  [0m] Reached target Cloud-config availability.
[   23.570600] cloud-init[713]: ci-info: |   0   |   0.0.0.0    | 10.0.2.2 |     0.0.0.0     |   enp0s3  |   UG  |[[0;32m  OK  [0m] Reached target System Initialization.
         Starting Socket activation for snappy daemon.
[[0;32m  OK  [0m] Listening on ACPID Listen Socket.
[[0;32m  OK  [0m] Listening on Open-iSCSI iscsid Socket.
[[0;32m  OK  [0m] Listening on UUID daemon activation socket.
[[0;32m  OK  [0m] Started Daily apt download activities.
[[0;32m  OK  [0m] Started Daily apt upgrade and clean activities.
[[0;32m  OK  [0m] Listening on D-Bus System Message Bus Socket.
[[0;32m  OK  [0m] Started Discard unused blocks once a week.

[   23.620515] [[0;32m  OK  [0m] Started ACPI Events Check.
cloud-init[[0;32m  OK  [0m] Reached target Paths.
[713]: ci-info: |   1   |   10.0.2.0   | 0.0.0.0  |  255.255.255.0  |   enp0s3  |   U   |         Starting LXD - unix socket.
[[0;32m  OK  [0m] Started Message of the Day.
[[0;32m  OK  [0m] Started Daily Cleanup of Temporary Directories.
[[0;32m  OK  [0m] Reached target Timers.

[   23.633807] [[0;32m  OK  [0m] Started Availability of block devices.
cloud-init[[0;32m  OK  [0m] Listening on Socket activation for snappy daemon.
[713]: ci-info: |   2   |   10.0.2.2   | 0.0.0.0  | 255.255.255.255 |   enp0s3  |   UH  |[[0;32m  OK  [0m] Listening on LXD - unix socket.
[[0;32m  OK  [0m] Reached target Sockets.
[[0;32m  OK  [0m] Reached target Basic System.

[   23.658621] cloud-init[713]: ci-info: |   3   | 192.168.33.0 | 0.0.0.0  |  255.255.255.0  |   enp0s8  |   U   |
[   23.659327] cloud-init[713]: ci-info: +-------+--------------+----------+-----------------+-----------+-------+
[[0;32m  OK  [0m] Started Deferred execution scheduler.
[   23.659397] cloud-init[713]: ci-info: +++++++++++++++++++Route IPv6 info+++++++++++++++++++
[   23.661153] cloud-init[713]: ci-info: +-------+-------------+---------+-----------+-------+
         Starting LSB: Record successful boot for GRUB...
[   23.715052]          Starting Dispatcher daemon for systemd-networkd...
         Starting PostgreSQL Cluster 10-main...
         Starting System Logging Service...
cloud-init[713]: ci-info: | Route | Destination | Gateway | Interface | Flags |
         Starting Permit User Sessions...
[   23.778034] cloud-init[713]: ci-info: +-------+-------------+---------+-----------+-------+
[   23.789905] cloud-init[713]: ci-info: |   1   |  fe80::/64  |    ::   |   enp0s3  |   U   |
[   23.798267] cloud-init[713]: ci-info: |   2   |  fe80::/64  |    ::   |   enp0s8  |   U   |
[   23.805735] cloud-init[713]: ci-info: |   4   |    local    |    ::   |   enp0s3  |   U   |
[   23.814012] cloud-init[713]: ci-info: |   5   |    local    |    ::   |   enp0s8  |   U   |
[   23.828697] cloud-init[713]: ci-info: |   6   |   ff00::/8  |    ::   |   enp0s3  |   U   |
[   23.842625] cloud-init[713]: ci-info: |   7   |   ff00::/8  |    ::   |   enp0s8  |   U   |
[   23.845890] cloud-init[713]: ci-info: +-------+-------------+---------+-----------+-------+
[[0;32m  OK  [0m] Started Regular background program processing daemon.
         Starting LSB: automatic crash report generation...
         Starting vboxadd.service...
[[0;32m  OK  [0m] Started irqbalance daemon.
         Starting OpenBSD Secure Shell server...
         Starting Accounts Service...
         Starting Snappy daemon...
[[0;32m  OK  [0m] Started D-Bus System Message Bus.
[[0;32m  OK  [0m] Started FUSE filesystem for LXC.
         Starting Login Service...
         Starting LXD - container startup/shutdown...
         Starting Resets System Activity Data Collector...
[[0;32m  OK  [0m] Started System Logging Service.
[[0;32m  OK  [0m] Started Permit User Sessions.
         Starting Terminate Plymouth Boot Screen...
         Starting Hold until boot process finishes up...
[[0;32m  OK  [0m] Started Hold until boot process finishes up.
[[0;32m  OK  [0m] Started Terminate Plymouth Boot Screen.
[[0;32m  OK  [0m] Started Serial Getty on ttyS0.
         Starting Set console scheme...
[[0;32m  OK  [0m] Started Dispatcher daemon for systemd-networkd.
[[0;32m  OK  [0m] Started Resets System Activity Data Collector.
[[0;32m  OK  [0m] Started Set console scheme.
[[0;32m  OK  [0m] Started Login Service.
[[0;32m  OK  [0m] Started Unattended Upgrades Shutdown.
[[0;32m  OK  [0m] Created slice system-getty.slice.
[[0;32m  OK  [0m] Started Getty on tty1.
[[0;32m  OK  [0m] Reached target Login Prompts.
         Starting Authorization Manager...
[[0;32m  OK  [0m] Started LSB: automatic crash report generation.
[[0;32m  OK  [0m] Started OpenBSD Secure Shell server.
[[0;32m  OK  [0m] Started Authorization Manager.
[[0;32m  OK  [0m] Started Accounts Service.
[[0;32m  OK  [0m] Started LSB: Record successful boot for GRUB.
[[0;32m  OK  [0m] Created slice User Slice of vagrant.
[[0;32m  OK  [0m] Started vboxadd.service.
[[0;32m  OK  [0m] Started Session 1 of user vagrant.
         Starting vboxadd-service.service...
         Starting User Manager for UID 1000...
[[0;32m  OK  [0m] Started vboxadd-service.service.
[[0;32m  OK  [0m] Started User Manager for UID 1000.
[[0;32m  OK  [0m] Started Snappy daemon.
         Starting Wait until snapd is fully seeded...
[[0;32m  OK  [0m] Started LXD - container startup/shutdown.
[[0;32m  OK  [0m] Started Wait until snapd is fully seeded.
         Starting Apply the settings specified in cloud-config...
[   29.305751] cloud-init[1337]: Cloud-init v. 19.1-1-gbaa47854-0ubuntu1~18.04.1 running 'modules:config' at Tue, 10 Sep 2019 04:04:27 +0000. Up 29.22 seconds.
[[0;32m  OK  [0m] Started Apply the settings specified in cloud-config.

Ubuntu 18.04.2 LTS ubuntu-bionic ttyS0

ubuntu-bionic login: [   31.719043] cloud-init[1731]: Cloud-init v. 19.1-1-gbaa47854-0ubuntu1~18.04.1 running 'modules:final' at Tue, 10 Sep 2019 04:04:29 +0000. Up 31.59 seconds.
[   31.719186] cloud-init[1731]: Cloud-init v. 19.1-1-gbaa47854-0ubuntu1~18.04.1 finished at Tue, 10 Sep 2019 04:04:29 +0000. Datasource DataSourceNoCloud [seed=/dev/sdb][dsmode=net].  Up 31.71 seconds
